Command line invocation:
    /Applications/Xcode.app/Contents/Developer/usr/bin/xcodebuild -project /Users/takamuranaoya/Desktop/App/TimeSignal/シンプル時報.xcodeproj -scheme TimeSignal -destination "platform=iOS Simulator,name=iPhone 17" build

ComputePackagePrebuildTargetDependencyGraph

Prepare packages

CreateBuildRequest

SendProjectDescription

CreateBuildOperation

ComputeTargetDependencyGraph
note: Building targets in dependency order
note: Target dependency graph (1 target)
    Target 'シンプル時報' in project 'シンプル時報' (no dependencies)

GatherProvisioningInputs

CreateBuildDescription

ExecuteExternalTool /Applications/Xcode.app/Contents/Developer/Toolchains/XcodeDefault.xctoolchain/usr/bin/clang -v -E -dM -isysroot /Applications/Xcode.app/Contents/Developer/Platforms/iPhoneSimulator.platform/Developer/SDKs/iPhoneSimulator26.0.sdk -x c -c /dev/null

ExecuteExternalTool /Applications/Xcode.app/Contents/Developer/usr/bin/actool --print-asset-tag-combinations --output-format xml1 /Users/takamuranaoya/Desktop/App/TimeSignal/TimeSignal/Assets.xcassets

ExecuteExternalTool /Applications/Xcode.app/Contents/Developer/usr/bin/actool --version --output-format xml1

ExecuteExternalTool /Applications/Xcode.app/Contents/Developer/Toolchains/XcodeDefault.xctoolchain/usr/bin/swiftc --version

ExecuteExternalTool /Applications/Xcode.app/Contents/Developer/Toolchains/XcodeDefault.xctoolchain/usr/bin/ld -version_details

Build description signature: 6e8e8de80496f8c8533a4f549767e1bb
Build description path: /Users/takamuranaoya/Library/Developer/Xcode/DerivedData/シンプル時報-gidolvsuthqwpvbeoncpikcicojb/Build/Intermediates.noindex/XCBuildData/6e8e8de80496f8c8533a4f549767e1bb.xcbuilddata
ClangStatCache /Applications/Xcode.app/Contents/Developer/Toolchains/XcodeDefault.xctoolchain/usr/bin/clang-stat-cache /Applications/Xcode.app/Contents/Developer/Platforms/iPhoneSimulator.platform/Developer/SDKs/iPhoneSimulator26.0.sdk /Users/takamuranaoya/Library/Developer/Xcode/DerivedData/SDKStatCaches.noindex/iphonesimulator26.0-23A339-26257891a6c027eb51374368541b8346.sdkstatcache
    cd /Users/takamuranaoya/Desktop/App/TimeSignal/シンプル時報.xcodeproj
    /Applications/Xcode.app/Contents/Developer/Toolchains/XcodeDefault.xctoolchain/usr/bin/clang-stat-cache /Applications/Xcode.app/Contents/Developer/Platforms/iPhoneSimulator.platform/Developer/SDKs/iPhoneSimulator26.0.sdk -o /Users/takamuranaoya/Library/Developer/Xcode/DerivedData/SDKStatCaches.noindex/iphonesimulator26.0-23A339-26257891a6c027eb51374368541b8346.sdkstatcache

ProcessProductPackaging "" /Users/takamuranaoya/Library/Developer/Xcode/DerivedData/シンプル時報-gidolvsuthqwpvbeoncpikcicojb/Build/Intermediates.noindex/シンプル時報.build/Release-iphonesimulator/シンプル時報.build/シンプル時報.app-Simulated.xcent (in target 'シンプル時報' from project 'シンプル時報')
    cd /Users/takamuranaoya/Desktop/App/TimeSignal
    
    Entitlements:
    
    {
    "application-identifier" = "WLU3DRHKX7.jouji.TimeSignal";
}
    
    builtin-productPackagingUtility -entitlements -format xml -o /Users/takamuranaoya/Library/Developer/Xcode/DerivedData/シンプル時報-gidolvsuthqwpvbeoncpikcicojb/Build/Intermediates.noindex/シンプル時報.build/Release-iphonesimulator/シンプル時報.build/シンプル時報.app-Simulated.xcent

ProcessProductPackagingDER /Users/takamuranaoya/Library/Developer/Xcode/DerivedData/シンプル時報-gidolvsuthqwpvbeoncpikcicojb/Build/Intermediates.noindex/シンプル時報.build/Release-iphonesimulator/シンプル時報.build/シンプル時報.app-Simulated.xcent /Users/takamuranaoya/Library/Developer/Xcode/DerivedData/シンプル時報-gidolvsuthqwpvbeoncpikcicojb/Build/Intermediates.noindex/シンプル時報.build/Release-iphonesimulator/シンプル時報.build/シンプル時報.app-Simulated.xcent.der (in target 'シンプル時報' from project 'シンプル時報')
    cd /Users/takamuranaoya/Desktop/App/TimeSignal
    /usr/bin/derq query -f xml -i /Users/takamuranaoya/Library/Developer/Xcode/DerivedData/シンプル時報-gidolvsuthqwpvbeoncpikcicojb/Build/Intermediates.noindex/シンプル時報.build/Release-iphonesimulator/シンプル時報.build/シンプル時報.app-Simulated.xcent -o /Users/takamuranaoya/Library/Developer/Xcode/DerivedData/シンプル時報-gidolvsuthqwpvbeoncpikcicojb/Build/Intermediates.noindex/シンプル時報.build/Release-iphonesimulator/シンプル時報.build/シンプル時報.app-Simulated.xcent.der --raw

GenerateAssetSymbols /Users/takamuranaoya/Desktop/App/TimeSignal/TimeSignal/Assets.xcassets (in target 'シンプル時報' from project 'シンプル時報')
    cd /Users/takamuranaoya/Desktop/App/TimeSignal
    /Applications/Xcode.app/Contents/Developer/usr/bin/actool /Users/takamuranaoya/Desktop/App/TimeSignal/TimeSignal/Assets.xcassets --compile /Users/takamuranaoya/Library/Developer/Xcode/DerivedData/シンプル時報-gidolvsuthqwpvbeoncpikcicojb/Build/Products/Release-iphonesimulator/シンプル時報.app --output-format human-readable-text --notices --warnings --export-dependency-info /Users/takamuranaoya/Library/Developer/Xcode/DerivedData/シンプル時報-gidolvsuthqwpvbeoncpikcicojb/Build/Intermediates.noindex/シンプル時報.build/Release-iphonesimulator/シンプル時報.build/assetcatalog_dependencies --output-partial-info-plist /Users/takamuranaoya/Library/Developer/Xcode/DerivedData/シンプル時報-gidolvsuthqwpvbeoncpikcicojb/Build/Intermediates.noindex/シンプル時報.build/Release-iphonesimulator/シンプル時報.build/assetcatalog_generated_info.plist --app-icon AppIcon --accent-color AccentColor --compress-pngs --enable-on-demand-resources YES --development-region en --target-device iphone --target-device ipad --minimum-deployment-target 18.2 --platform iphonesimulator --bundle-identifier jouji.TimeSignal --generate-swift-asset-symbols /Users/takamuranaoya/Library/Developer/Xcode/DerivedData/シンプル時報-gidolvsuthqwpvbeoncpikcicojb/Build/Intermediates.noindex/シンプル時報.build/Release-iphonesimulator/シンプル時報.build/DerivedSources/GeneratedAssetSymbols.swift --generate-objc-asset-symbols /Users/takamuranaoya/Library/Developer/Xcode/DerivedData/シンプル時報-gidolvsuthqwpvbeoncpikcicojb/Build/Intermediates.noindex/シンプル時報.build/Release-iphonesimulator/シンプル時報.build/DerivedSources/GeneratedAssetSymbols.h --generate-asset-symbol-index /Users/takamuranaoya/Library/Developer/Xcode/DerivedData/シンプル時報-gidolvsuthqwpvbeoncpikcicojb/Build/Intermediates.noindex/シンプル時報.build/Release-iphonesimulator/シンプル時報.build/DerivedSources/GeneratedAssetSymbols-Index.plist
/* com.apple.actool.compilation-results */
/Users/takamuranaoya/Library/Developer/Xcode/DerivedData/シンプル時報-gidolvsuthqwpvbeoncpikcicojb/Build/Intermediates.noindex/シンプル時報.build/Release-iphonesimulator/シンプル時報.build/DerivedSources/GeneratedAssetSymbols-Index.plist
/Users/takamuranaoya/Library/Developer/Xcode/DerivedData/シンプル時報-gidolvsuthqwpvbeoncpikcicojb/Build/Intermediates.noindex/シンプル時報.build/Release-iphonesimulator/シンプル時報.build/DerivedSources/GeneratedAssetSymbols.h
/Users/takamuranaoya/Library/Developer/Xcode/DerivedData/シンプル時報-gidolvsuthqwpvbeoncpikcicojb/Build/Intermediates.noindex/シンプル時報.build/Release-iphonesimulator/シンプル時報.build/DerivedSources/GeneratedAssetSymbols.swift


SwiftDriver シンプル時報 normal arm64 com.apple.xcode.tools.swift.compiler (in target 'シンプル時報' from project 'シンプル時報')
    cd /Users/takamuranaoya/Desktop/App/TimeSignal
    builtin-SwiftDriver -- /Applications/Xcode.app/Contents/Developer/Toolchains/XcodeDefault.xctoolchain/usr/bin/swiftc -module-name シンプル時報 -O -whole-module-optimization -enforce-exclusivity\=checked @/Users/takamuranaoya/Library/Developer/Xcode/DerivedData/シンプル時報-gidolvsuthqwpvbeoncpikcicojb/Build/Intermediates.noindex/シンプル時報.build/Release-iphonesimulator/シンプル時報.build/Objects-normal/arm64/シンプル時報.SwiftFileList -enable-bare-slash-regex -enable-experimental-feature DebugDescriptionMacro -sdk /Applications/Xcode.app/Contents/Developer/Platforms/iPhoneSimulator.platform/Developer/SDKs/iPhoneSimulator26.0.sdk -target arm64-apple-ios18.2-simulator -g -module-cache-path /Users/takamuranaoya/Library/Developer/Xcode/DerivedData/ModuleCache.noindex -Xfrontend -serialize-debugging-options -profile-coverage-mapping -profile-generate -swift-version 5 -I /Users/takamuranaoya/Library/Developer/Xcode/DerivedData/シンプル時報-gidolvsuthqwpvbeoncpikcicojb/Build/Products/Release-iphonesimulator -F /Users/takamuranaoya/Library/Developer/Xcode/DerivedData/シンプル時報-gidolvsuthqwpvbeoncpikcicojb/Build/Products/Release-iphonesimulator -emit-localized-strings -emit-localized-strings-path /Users/takamuranaoya/Library/Developer/Xcode/DerivedData/シンプル時報-gidolvsuthqwpvbeoncpikcicojb/Build/Intermediates.noindex/シンプル時報.build/Release-iphonesimulator/シンプル時報.build/Objects-normal/arm64 -c -num-threads 10 -Xcc -ivfsstatcache -Xcc /Users/takamuranaoya/Library/Developer/Xcode/DerivedData/SDKStatCaches.noindex/iphonesimulator26.0-23A339-26257891a6c027eb51374368541b8346.sdkstatcache -output-file-map /Users/takamuranaoya/Library/Developer/Xcode/DerivedData/シンプル時報-gidolvsuthqwpvbeoncpikcicojb/Build/Intermediates.noindex/シンプル時報.build/Release-iphonesimulator/シンプル時報.build/Objects-normal/arm64/シンプル時報-OutputFileMap.json -use-frontend-parseable-output -save-temps -no-color-diagnostics -explicit-module-build -module-cache-path /Users/takamuranaoya/Library/Developer/Xcode/DerivedData/シンプル時報-gidolvsuthqwpvbeoncpikcicojb/Build/Intermediates.noindex/SwiftExplicitPrecompiledModules -clang-scanner-module-cache-path /Users/takamuranaoya/Library/Developer/Xcode/DerivedData/ModuleCache.noindex -sdk-module-cache-path /Users/takamuranaoya/Library/Developer/Xcode/DerivedData/ModuleCache.noindex -serialize-diagnostics -emit-dependencies -emit-module -emit-module-path /Users/takamuranaoya/Library/Developer/Xcode/DerivedData/シンプル時報-gidolvsuthqwpvbeoncpikcicojb/Build/Intermediates.noindex/シンプル時報.build/Release-iphonesimulator/シンプル時報.build/Objects-normal/arm64/シンプル時報.swiftmodule -validate-clang-modules-once -clang-build-session-file /Users/takamuranaoya/Library/Developer/Xcode/DerivedData/ModuleCache.noindex/Session.modulevalidation -Xcc -I/Users/takamuranaoya/Library/Developer/Xcode/DerivedData/シンプル時報-gidolvsuthqwpvbeoncpikcicojb/Build/Intermediates.noindex/シンプル時報.build/Release-iphonesimulator/シンプル時報.build/swift-overrides.hmap -emit-const-values -Xfrontend -const-gather-protocols-file -Xfrontend /Users/takamuranaoya/Library/Developer/Xcode/DerivedData/シンプル時報-gidolvsuthqwpvbeoncpikcicojb/Build/Intermediates.noindex/シンプル時報.build/Release-iphonesimulator/シンプル時報.build/Objects-normal/arm64/シンプル時報_const_extract_protocols.json -Xcc -iquote -Xcc /Users/takamuranaoya/Library/Developer/Xcode/DerivedData/シンプル時報-gidolvsuthqwpvbeoncpikcicojb/Build/Intermediates.noindex/シンプル時報.build/Release-iphonesimulator/シンプル時報.build/シンプル時報-generated-files.hmap -Xcc -I/Users/takamuranaoya/Library/Developer/Xcode/DerivedData/シンプル時報-gidolvsuthqwpvbeoncpikcicojb/Build/Intermediates.noindex/シンプル時報.build/Release-iphonesimulator/シンプル時報.build/シンプル時報-own-target-headers.hmap -Xcc -I/Users/takamuranaoya/Library/Developer/Xcode/DerivedData/シンプル時報-gidolvsuthqwpvbeoncpikcicojb/Build/Intermediates.noindex/シンプル時報.build/Release-iphonesimulator/シンプル時報.build/シンプル時報-all-target-headers.hmap -Xcc -iquote -Xcc /Users/takamuranaoya/Library/Developer/Xcode/DerivedData/シンプル時報-gidolvsuthqwpvbeoncpikcicojb/Build/Intermediates.noindex/シンプル時報.build/Release-iphonesimulator/シンプル時報.build/シンプル時報-project-headers.hmap -Xcc -I/Users/takamuranaoya/Library/Developer/Xcode/DerivedData/シンプル時報-gidolvsuthqwpvbeoncpikcicojb/Build/Products/Release-iphonesimulator/include -Xcc -I/Users/takamuranaoya/Library/Developer/Xcode/DerivedData/シンプル時報-gidolvsuthqwpvbeoncpikcicojb/Build/Intermediates.noindex/シンプル時報.build/Release-iphonesimulator/シンプル時報.build/DerivedSources-normal/arm64 -Xcc -I/Users/takamuranaoya/Library/Developer/Xcode/DerivedData/シンプル時報-gidolvsuthqwpvbeoncpikcicojb/Build/Intermediates.noindex/シンプル時報.build/Release-iphonesimulator/シンプル時報.build/DerivedSources/arm64 -Xcc -I/Users/takamuranaoya/Library/Developer/Xcode/DerivedData/シンプル時報-gidolvsuthqwpvbeoncpikcicojb/Build/Intermediates.noindex/シンプル時報.build/Release-iphonesimulator/シンプル時報.build/DerivedSources -emit-objc-header -emit-objc-header-path /Users/takamuranaoya/Library/Developer/Xcode/DerivedData/シンプル時報-gidolvsuthqwpvbeoncpikcicojb/Build/Intermediates.noindex/シンプル時報.build/Release-iphonesimulator/シンプル時報.build/Objects-normal/arm64/シンプル時報-Swift.h -working-directory /Users/takamuranaoya/Desktop/App/TimeSignal -no-emit-module-separately-wmo

SwiftCompile normal arm64 Compiling\ ContentView.swift,\ TimeSignalApp.swift,\ GeneratedAssetSymbols.swift /Users/takamuranaoya/Desktop/App/TimeSignal/TimeSignal/ContentView.swift /Users/takamuranaoya/Desktop/App/TimeSignal/TimeSignal/TimeSignalApp.swift /Users/takamuranaoya/Library/Developer/Xcode/DerivedData/シンプル時報-gidolvsuthqwpvbeoncpikcicojb/Build/Intermediates.noindex/シンプル時報.build/Release-iphonesimulator/シンプル時報.build/DerivedSources/GeneratedAssetSymbols.swift /Applications/Xcode.app/Contents/Developer/Toolchains/XcodeDefault.xctoolchain/usr/lib/swift/iphonesimulator/prebuilt-modules/26.0/Swift.swiftmodule/arm64-apple-ios-simulator.swiftmodule /Applications/Xcode.app/Contents/Developer/Toolchains/XcodeDefault.xctoolchain/usr/lib/swift/iphonesimulator/prebuilt-modules/26.0/DataDetection.swiftmodule/arm64-apple-ios-simulator.swiftmodule /Applications/Xcode.app/Contents/Developer/Toolchains/XcodeDefault.xctoolchain/usr/lib/swift/iphonesimulator/prebuilt-modules/26.0/CoreFoundation.swiftmodule/arm64-apple-ios-simulator.swiftmodule /Applications/Xcode.app/Contents/Developer/Toolchains/XcodeDefault.xctoolchain/usr/lib/swift/iphonesimulator/prebuilt-modules/26.0/_DarwinFoundation1.swiftmodule/arm64-apple-ios-simulator.swiftmodule /Applications/Xcode.app/Contents/Developer/Toolchains/XcodeDefault.xctoolchain/usr/lib/swift/iphonesimulator/prebuilt-modules/26.0/Spatial.swiftmodule/arm64-apple-ios-simulator.swiftmodule /Applications/Xcode.app/Contents/Developer/Toolchains/XcodeDefault.xctoolchain/usr/lib/swift/iphonesimulator/prebuilt-modules/26.0/Darwin.swiftmodule/arm64-apple-ios-simulator.swiftmodule /Applications/Xcode.app/Contents/Developer/Toolchains/XcodeDefault.xctoolchain/usr/lib/swift/iphonesimulator/prebuilt-modules/26.0/Metal.swiftmodule/arm64-apple-ios-simulator.swiftmodule /Applications/Xcode.app/Contents/Developer/Toolchains/XcodeDefault.xctoolchain/usr/lib/swift/iphonesimulator/prebuilt-modules/26.0/SwiftUI.swiftmodule/arm64-apple-ios-simulator.swiftmodule /Applications/Xcode.app/Contents/Developer/Toolchains/XcodeDefault.xctoolchain/usr/lib/swift/iphonesimulator/prebuilt-modules/26.0/_Concurrency.swiftmodule/arm64-apple-ios-simulator.swiftmodule /Applications/Xcode.app/Contents/Developer/Toolchains/XcodeDefault.xctoolchain/usr/lib/swift/iphonesimulator/prebuilt-modules/26.0/Observation.swiftmodule/arm64-apple-ios-simulator.swiftmodule /Applications/Xcode.app/Contents/Developer/Toolchains/XcodeDefault.xctoolchain/usr/lib/swift/iphonesimulator/prebuilt-modules/26.0/os.swiftmodule/arm64-apple-ios-simulator.swiftmodule /Applications/Xcode.app/Contents/Developer/Toolchains/XcodeDefault.xctoolchain/usr/lib/swift/iphonesimulator/prebuilt-modules/26.0/Dispatch.swiftmodule/arm64-apple-ios-simulator.swiftmodule /Applications/Xcode.app/Contents/Developer/Toolchains/XcodeDefault.xctoolchain/usr/lib/swift/iphonesimulator/prebuilt-modules/26.0/System.swiftmodule/arm64-apple-ios-simulator.swiftmodule /Applications/Xcode.app/Contents/Developer/Toolchains/XcodeDefault.xctoolchain/usr/lib/swift/iphonesimulator/prebuilt-modules/26.0/_Builtin_float.swiftmodule/arm64-apple-ios-simulator.swiftmodule /Applications/Xcode.app/Contents/Developer/Toolchains/XcodeDefault.xctoolchain/usr/lib/swift/iphonesimulator/prebuilt-modules/26.0/Combine.swiftmodule/arm64-apple-ios-simulator.swiftmodule /Applications/Xcode.app/Contents/Developer/Toolchains/XcodeDefault.xctoolchain/usr/lib/swift/iphonesimulator/prebuilt-modules/26.0/CoreImage.swiftmodule/arm64-apple-ios-simulator.swiftmodule /Applications/Xcode.app/Contents/Developer/Toolchains/XcodeDefault.xctoolchain/usr/lib/swift/iphonesimulator/prebuilt-modules/26.0/SwiftUICore.swiftmodule/arm64-apple-ios-simulator.swiftmodule /Applications/Xcode.app/Contents/Developer/Toolchains/XcodeDefault.xctoolchain/usr/lib/swift/iphonesimulator/prebuilt-modules/26.0/UIKit.swiftmodule/arm64-apple-ios-simulator.swiftmodule /Applications/Xcode.app/Contents/Developer/Toolchains/XcodeDefault.xctoolchain/usr/lib/swift/iphonesimulator/prebuilt-modules/26.0/DeveloperToolsSupport.swiftmodule/arm64-apple-ios-simulator.swiftmodule /Applications/Xcode.app/Contents/Developer/Toolchains/XcodeDefault.xctoolchain/usr/lib/swift/iphonesimulator/prebuilt-modules/26.0/Foundation.swiftmodule/arm64-apple-ios-simulator.swiftmodule /Applications/Xcode.app/Contents/Developer/Toolchains/XcodeDefault.xctoolchain/usr/lib/swift/iphonesimulator/prebuilt-modules/26.0/_DarwinFoundation2.swiftmodule/arm64-apple-ios-simulator.swiftmodule /Applications/Xcode.app/Contents/Developer/Toolchains/XcodeDefault.xctoolchain/usr/lib/swift/iphonesimulator/prebuilt-modules/26.0/Symbols.swiftmodule/arm64-apple-ios-simulator.swiftmodule /Applications/Xcode.app/Contents/Developer/Toolchains/XcodeDefault.xctoolchain/usr/lib/swift/iphonesimulator/prebuilt-modules/26.0/UniformTypeIdentifiers.swiftmodule/arm64-apple-ios-simulator.swiftmodule /Applications/Xcode.app/Contents/Developer/Toolchains/XcodeDefault.xctoolchain/usr/lib/swift/iphonesimulator/prebuilt-modules/26.0/XPC.swiftmodule/arm64-apple-ios-simulator.swiftmodule /Applications/Xcode.app/Contents/Developer/Toolchains/XcodeDefault.xctoolchain/usr/lib/swift/iphonesimulator/prebuilt-modules/26.0/FileProvider.swiftmodule/arm64-apple-ios-simulator.swiftmodule /Applications/Xcode.app/Contents/Developer/Toolchains/XcodeDefault.xctoolchain/usr/lib/swift/iphonesimulator/prebuilt-modules/26.0/CoreText.swiftmodule/arm64-apple-ios-simulator.swiftmodule /Applications/Xcode.app/Contents/Developer/Toolchains/XcodeDefault.xctoolchain/usr/lib/swift/iphonesimulator/prebuilt-modules/26.0/simd.swiftmodule/arm64-apple-ios-simulator.swiftmodule /Applications/Xcode.app/Contents/Developer/Toolchains/XcodeDefault.xctoolchain/usr/lib/swift/iphonesimulator/prebuilt-modules/26.0/Accessibility.swiftmodule/arm64-apple-ios-simulator.swiftmodule /Applications/Xcode.app/Contents/Developer/Toolchains/XcodeDefault.xctoolchain/usr/lib/swift/iphonesimulator/prebuilt-modules/26.0/CoreData.swiftmodule/arm64-apple-ios-simulator.swiftmodule /Applications/Xcode.app/Contents/Developer/Toolchains/XcodeDefault.xctoolchain/usr/lib/swift/iphonesimulator/prebuilt-modules/26.0/QuartzCore.swiftmodule/arm64-apple-ios-simulator.swiftmodule /Applications/Xcode.app/Contents/Developer/Toolchains/XcodeDefault.xctoolchain/usr/lib/swift/iphonesimulator/prebuilt-modules/26.0/CoreGraphics.swiftmodule/arm64-apple-ios-simulator.swiftmodule /Applications/Xcode.app/Contents/Developer/Toolchains/XcodeDefault.xctoolchain/usr/lib/swift/iphonesimulator/prebuilt-modules/26.0/ObjectiveC.swiftmodule/arm64-apple-ios-simulator.swiftmodule /Applications/Xcode.app/Contents/Developer/Toolchains/XcodeDefault.xctoolchain/usr/lib/swift/iphonesimulator/prebuilt-modules/26.0/_StringProcessing.swiftmodule/arm64-apple-ios-simulator.swiftmodule /Applications/Xcode.app/Contents/Developer/Toolchains/XcodeDefault.xctoolchain/usr/lib/swift/iphonesimulator/prebuilt-modules/26.0/CoreTransferable.swiftmodule/arm64-apple-ios-simulator.swiftmodule /Applications/Xcode.app/Contents/Developer/Toolchains/XcodeDefault.xctoolchain/usr/lib/swift/iphonesimulator/prebuilt-modules/26.0/CoreVideo.swiftmodule/arm64-apple-ios-simulator.swiftmodule /Applications/Xcode.app/Contents/Developer/Toolchains/XcodeDefault.xctoolchain/usr/lib/swift/iphonesimulator/prebuilt-modules/26.0/OSLog.swiftmodule/arm64-apple-ios-simulator.swiftmodule /Applications/Xcode.app/Contents/Developer/Toolchains/XcodeDefault.xctoolchain/usr/lib/swift/iphonesimulator/prebuilt-modules/26.0/_DarwinFoundation3.swiftmodule/arm64-apple-ios-simulator.swiftmodule /Users/takamuranaoya/Library/Developer/Xcode/DerivedData/ModuleCache.noindex/CoreFoundation-9ML6NGLT7U0ZD0DVXQTH8ZTCB.pcm /Users/takamuranaoya/Library/Developer/Xcode/DerivedData/ModuleCache.noindex/CFNetwork-7GQN2KK9ORBCUFRRYGH6JWNWW.pcm /Users/takamuranaoya/Library/Developer/Xcode/DerivedData/ModuleCache.noindex/CoreVideo-CD3X0ZQMTI8SCOBTQ4YK97N1B.pcm /Users/takamuranaoya/Library/Developer/Xcode/DerivedData/ModuleCache.noindex/SwiftUI-EVPKYQ05QRCQMS7IKXY8PLEWP.pcm /Users/takamuranaoya/Library/Developer/Xcode/DerivedData/ModuleCache.noindex/_Builtin_stdatomic-3XOET5BIXD5Y5Y25HSJ1Z79RE.pcm /Users/takamuranaoya/Library/Developer/Xcode/DerivedData/ModuleCache.noindex/_Builtin_stdbool-5SPS2TV69K0AAGOB5HPNTWLXM.pcm /Users/takamuranaoya/Library/Developer/Xcode/DerivedData/ModuleCache.noindex/QuartzCore-8AMJTS5FZ9UX70NVUPJ9TK6UZ.pcm /Users/takamuranaoya/Library/Developer/Xcode/DerivedData/ModuleCache.noindex/UIKit-C5Y43I1JW06LLL4OA08CU7D9A.pcm /Users/takamuranaoya/Library/Developer/Xcode/DerivedData/ModuleCache.noindex/ptrauth-8T5JEK9NGFMHW3EEUU70BLGX6.pcm /Users/takamuranaoya/Library/Developer/Xcode/DerivedData/ModuleCache.noindex/UserNotifications-3BENB3Q4NHXTONX0CAI83C79R.pcm /Users/takamuranaoya/Library/Developer/Xcode/DerivedData/ModuleCache.noindex/IOSurface-6V95LVAIS4MRCIHFIT2EUHS1D.pcm /Users/takamuranaoya/Library/Developer/Xcode/DerivedData/ModuleCache.noindex/FileProvider-2BS3D0S56ZHDJB5R93YBYE2PX.pcm /Users/takamuranaoya/Library/Developer/Xcode/DerivedData/ModuleCache.noindex/UIUtilities-7TW514NFKXSF5HO4LP2LI0KQK.pcm /Users/takamuranaoya/Library/Developer/Xcode/DerivedData/ModuleCache.noindex/_Builtin_tgmath-1QAR73VQUKC3DXFGGIOO6ZMPD.pcm /Users/takamuranaoya/Library/Developer/Xcode/DerivedData/ModuleCache.noindex/os-CYVZXMQ9XQPKVDFID3H8J0LDH.pcm /Users/takamuranaoya/Library/Developer/Xcode/DerivedData/ModuleCache.noindex/_Builtin_float-1Y8QJLC3B72GTNHRGWZH3JT60.pcm /Users/takamuranaoya/Library/Developer/Xcode/DerivedData/ModuleCache.noindex/_Builtin_stdint-54HSZJ4RP298BPNH5CK4T5CZ9.pcm /Users/takamuranaoya/Library/Developer/Xcode/DerivedData/ModuleCache.noindex/CoreGraphics-ERKVUAUNKXGBOJGW6M1VWLRTT.pcm /Users/takamuranaoya/Library/Developer/Xcode/DerivedData/ModuleCache.noindex/ImageIO-4JAW1HEXI25RG3ADMHAK02E05.pcm /Users/takamuranaoya/Library/Developer/Xcode/DerivedData/ModuleCache.noindex/_DarwinFoundation2-3QV5EVT1X3UCKNBBGDJK65HM8.pcm /Users/takamuranaoya/Library/Developer/Xcode/DerivedData/ModuleCache.noindex/UniformTypeIdentifiers-DC11PFPF38CY0WPFRXHSOSG9L.pcm /Users/takamuranaoya/Library/Developer/Xcode/DerivedData/ModuleCache.noindex/_Builtin_inttypes-34E0BEUB8465O6KQV4AQ1PHXF.pcm /Users/takamuranaoya/Library/Developer/Xcode/DerivedData/ModuleCache.noindex/Foundation-8FVSXCTW1GRM3RYM74YN0H6IN.pcm /Users/takamuranaoya/Library/Developer/Xcode/DerivedData/ModuleCache.noindex/CoreData-3T57LVMSPC7QHZVIWZ82FB9UH.pcm /Users/takamuranaoya/Library/Developer/Xcode/DerivedData/ModuleCache.noindex/Darwin-7OX2NKNQF5EIKP6TF6KTLBVOV.pcm /Users/takamuranaoya/Library/Developer/Xcode/DerivedData/ModuleCache.noindex/DataDetection-4X9W2K1Z1FA1FM4ASAXWX3FMZ.pcm /Users/takamuranaoya/Library/Developer/Xcode/DerivedData/ModuleCache.noindex/Dispatch-716NN3HAEP7HUT31551C2CWKA.pcm /Users/takamuranaoya/Library/Developer/Xcode/DerivedData/ModuleCache.noindex/_DarwinFoundation3-6UQFPC3ZM2F1QXXLH8LLL51ZF.pcm /Users/takamuranaoya/Library/Developer/Xcode/DerivedData/ModuleCache.noindex/MachO-4P35O3DCB7BMDBP8UV2DJIFEK.pcm /Users/takamuranaoya/Library/Developer/Xcode/DerivedData/ModuleCache.noindex/os_workgroup-C81AL7KBWUW8DQ73852KNQ5PC.pcm /Users/takamuranaoya/Library/Developer/Xcode/DerivedData/ModuleCache.noindex/_Builtin_stddef-7KMBMXKMDHEP5VMD81E5KJR7Q.pcm /Users/takamuranaoya/Library/Developer/Xcode/DerivedData/ModuleCache.noindex/CoreText-3A0EHOEQM6PFAG8EY2P920QO9.pcm /Users/takamuranaoya/Library/Developer/Xcode/DerivedData/ModuleCache.noindex/SwiftUICore-3695ASCO0ZTJN67G1S5DGIWZE.pcm /Users/takamuranaoya/Library/Developer/Xcode/DerivedData/ModuleCache.noindex/CoreImage-EFIM6RFTHFCJVEGZ69UJ31X6J.pcm /Users/takamuranaoya/Library/Developer/Xcode/DerivedData/ModuleCache.noindex/_Builtin_intrinsics-8YNM5J2L99LXT2DT9WEL4JCQM.pcm /Users/takamuranaoya/Library/Developer/Xcode/DerivedData/ModuleCache.noindex/_DarwinFoundation1-60KYHPJT911GMLM28ARQGLE82.pcm /Users/takamuranaoya/Library/Developer/Xcode/DerivedData/ModuleCache.noindex/Metal-BR8RMTHD5SI3WXRMEMJSAUZRM.pcm /Users/takamuranaoya/Library/Developer/Xcode/DerivedData/ModuleCache.noindex/simd-7V65IA6XHFJP5YC9QSI0IHV0Q.pcm /Users/takamuranaoya/Library/Developer/Xcode/DerivedData/ModuleCache.noindex/OSLog-62MA1OGGB26XW9V4XJN49AVAB.pcm /Users/takamuranaoya/Library/Developer/Xcode/DerivedData/ModuleCache.noindex/Accessibility-CP2XEGU9ARB7O7PQQF84IJXIE.pcm /Users/takamuranaoya/Library/Developer/Xcode/DerivedData/ModuleCache.noindex/SwiftShims-DDE81YIMGWEFN8CIZUCYWJBDD.pcm /Users/takamuranaoya/Library/Developer/Xcode/DerivedData/ModuleCache.noindex/OpenGLES-6URZJ15IWQOOMOQ9E0XB13VDJ.pcm /Users/takamuranaoya/Library/Developer/Xcode/DerivedData/ModuleCache.noindex/ptrcheck-AL75ODY96Y958DZBAZ8JPESQV.pcm /Users/takamuranaoya/Library/Developer/Xcode/DerivedData/ModuleCache.noindex/CoreTransferable-E4UJ2D66BRLNFDLLZPYNS195O.pcm /Users/takamuranaoya/Library/Developer/Xcode/DerivedData/ModuleCache.noindex/_Builtin_limits-1EZ2AX80NXGC01KT9S0E973XY.pcm /Users/takamuranaoya/Library/Developer/Xcode/DerivedData/ModuleCache.noindex/Symbols-ATO0W0Z0C1G33QGK0XSO7UGPE.pcm /Users/takamuranaoya/Library/Developer/Xcode/DerivedData/ModuleCache.noindex/XPC-7V9B6X2ETRPGSFEBDAJU2LRZK.pcm /Users/takamuranaoya/Library/Developer/Xcode/DerivedData/ModuleCache.noindex/_Builtin_stdarg-12YV1TK9P9NFUUER54WY2XHBH.pcm /Users/takamuranaoya/Library/Developer/Xcode/DerivedData/ModuleCache.noindex/ObjectiveC-75ZG2W85B0FUEE6J6QCCQBQF2.pcm /Users/takamuranaoya/Library/Developer/Xcode/DerivedData/ModuleCache.noindex/os_object-7A4AG83FZQKJ79WNMFDYV7R4J.pcm /Users/takamuranaoya/Library/Developer/Xcode/DerivedData/ModuleCache.noindex/Security-3Y2SGCQQ6ZGC9K8WWUS27UCX4.pcm /Users/takamuranaoya/Library/Developer/Xcode/DerivedData/ModuleCache.noindex/_AvailabilityInternal-EWH4QJYLMW0LL3IK1QT1C8DZ1.pcm /Users/takamuranaoya/Library/Developer/Xcode/DerivedData/ModuleCache.noindex/_SwiftConcurrencyShims-7LY5JZ13ZPUS57XGM0BOJLI6B.pcm /Users/takamuranaoya/Library/Developer/Xcode/DerivedData/ModuleCache.noindex/Spatial-A8NMNSRDQV8BH7IHIKHM7PVCL.pcm /Users/takamuranaoya/Library/Developer/Xcode/DerivedData/ModuleCache.noindex/DeveloperToolsSupport-15IUAY5TAK68PBLMOE86FSHXT.pcm /Users/takamuranaoya/Library/Developer/Xcode/DerivedData/ModuleCache.noindex/sys_types-C6UINFD6P5HSS9XEFQJ6K8REC.pcm /Users/takamuranaoya/Library/Developer/Xcode/DerivedData/シンプル時報-gidolvsuthqwpvbeoncpikcicojb/Build/Intermediates.noindex/シンプル時報.build/Release-iphonesimulator/シンプル時報.build/Objects-normal/arm64/シンプル時報-dependencies-1.json (in target 'シンプル時報' from project 'シンプル時報')

CompileSwift normal arm64 (in target 'シンプル時報' from project 'シンプル時報')
    cd /Users/takamuranaoya/Desktop/App/TimeSignal
    
/Users/takamuranaoya/Desktop/App/TimeSignal/TimeSignal/ContentView.swift:187:10: warning: 'onChange(of:perform:)' was deprecated in iOS 17.0: Use `onChange` with a two or zero parameter action closure instead.
        .onChange(of: selectedSoundName) { _ in
         ^
/Users/takamuranaoya/Desktop/App/TimeSignal/TimeSignal/ContentView.swift:245:81: error: type 'some View' has no member 'ultraThinMaterial'
                            .background(isSelected ? Color.cyan.opacity(0.9) : .ultraThinMaterial)
                                                                               ~^~~~~~~~~~~~~~~~~

Failed frontend command:
/Applications/Xcode.app/Contents/Developer/Toolchains/XcodeDefault.xctoolchain/usr/bin/swift-frontend -frontend -c /Users/takamuranaoya/Desktop/App/TimeSignal/TimeSignal/ContentView.swift /Users/takamuranaoya/Desktop/App/TimeSignal/TimeSignal/TimeSignalApp.swift /Users/takamuranaoya/Library/Developer/Xcode/DerivedData/シンプル時報-gidolvsuthqwpvbeoncpikcicojb/Build/Intermediates.noindex/シンプル時報.build/Release-iphonesimulator/シンプル時報.build/DerivedSources/GeneratedAssetSymbols.swift -supplementary-output-file-map /Users/takamuranaoya/Library/Developer/Xcode/DerivedData/シンプル時報-gidolvsuthqwpvbeoncpikcicojb/Build/Intermediates.noindex/シンプル時報.build/Release-iphonesimulator/シンプル時報.build/Objects-normal/arm64/supplementaryOutputs-1 -emit-localized-strings -emit-localized-strings-path /Users/takamuranaoya/Library/Developer/Xcode/DerivedData/シンプル時報-gidolvsuthqwpvbeoncpikcicojb/Build/Intermediates.noindex/シンプル時報.build/Release-iphonesimulator/シンプル時報.build/Objects-normal/arm64 -target arm64-apple-ios18.2-simulator -module-can-import-version DeveloperToolsSupport 23.0.4 23.0.4 -module-can-import-version SwiftUI 7.0.84.1 7.0.84 -module-can-import-version UIKit 9088.1.113 9088.1.113 -load-resolved-plugin /Applications/Xcode.app/Contents/Developer/Platforms/iPhoneOS.platform/Developer/usr/lib/swift/host/plugins/libFoundationMacros.dylib\#/Applications/Xcode.app/Contents/Developer/Platforms/iPhoneOS.platform/Developer/usr/bin/swift-plugin-server\#FoundationMacros -load-resolved-plugin /Applications/Xcode.app/Contents/Developer/Platforms/iPhoneOS.platform/Developer/usr/lib/swift/host/plugins/libObservationMacros.dylib\#/Applications/Xcode.app/Contents/Developer/Platforms/iPhoneOS.platform/Developer/usr/bin/swift-plugin-server\#ObservationMacros -load-resolved-plugin /Applications/Xcode.app/Contents/Developer/Platforms/iPhoneOS.platform/Developer/usr/lib/swift/host/plugins/libPreviewsMacros.dylib\#/Applications/Xcode.app/Contents/Developer/Platforms/iPhoneOS.platform/Developer/usr/bin/swift-plugin-server\#PreviewsMacros -load-resolved-plugin /Applications/Xcode.app/Contents/Developer/Platforms/iPhoneOS.platform/Developer/usr/lib/swift/host/plugins/libSwiftMacros.dylib\#/Applications/Xcode.app/Contents/Developer/Platforms/iPhoneOS.platform/Developer/usr/bin/swift-plugin-server\#SwiftMacros -load-resolved-plugin /Applications/Xcode.app/Contents/Developer/Platforms/iPhoneOS.platform/Developer/usr/lib/swift/host/plugins/libSwiftUIMacros.dylib\#/Applications/Xcode.app/Contents/Developer/Platforms/iPhoneOS.platform/Developer/usr/bin/swift-plugin-server\#SwiftUIMacros -disable-implicit-swift-modules -Xcc -fno-implicit-modules -Xcc -fno-implicit-module-maps -explicit-swift-module-map-file /Users/takamuranaoya/Library/Developer/Xcode/DerivedData/シンプル時報-gidolvsuthqwpvbeoncpikcicojb/Build/Intermediates.noindex/シンプル時報.build/Release-iphonesimulator/シンプル時報.build/Objects-normal/arm64/シンプル時報-dependencies-1.json -Xllvm -aarch64-use-tbi -enable-objc-interop -sdk /Applications/Xcode.app/Contents/Developer/Platforms/iPhoneSimulator.platform/Developer/SDKs/iPhoneSimulator26.0.sdk -I /Users/takamuranaoya/Library/Developer/Xcode/DerivedData/シンプル時報-gidolvsuthqwpvbeoncpikcicojb/Build/Products/Release-iphonesimulator -F /Users/takamuranaoya/Library/Developer/Xcode/DerivedData/シンプル時報-gidolvsuthqwpvbeoncpikcicojb/Build/Products/Release-iphonesimulator -no-color-diagnostics -Xcc -fno-color-diagnostics -g -debug-info-format\=dwarf -dwarf-version\=5 -module-cache-path /Users/takamuranaoya/Library/Developer/Xcode/DerivedData/シンプル時報-gidolvsuthqwpvbeoncpikcicojb/Build/Intermediates.noindex/SwiftExplicitPrecompiledModules -profile-generate -profile-coverage-mapping -swift-version 5 -enforce-exclusivity\=checked -O -serialize-debugging-options -const-gather-protocols-file /Users/takamuranaoya/Library/Developer/Xcode/DerivedData/シンプル時報-gidolvsuthqwpvbeoncpikcicojb/Build/Intermediates.noindex/シンプル時報.build/Release-iphonesimulator/シンプル時報.build/Objects-normal/arm64/シンプル時報_const_extract_protocols.json -enable-experimental-feature DebugDescriptionMacro -enable-bare-slash-regex -empty-abi-descriptor -validate-clang-modules-once -clang-build-session-file /Users/takamuranaoya/Library/Developer/Xcode/DerivedData/ModuleCache.noindex/Session.modulevalidation -Xcc -working-directory -Xcc /Users/takamuranaoya/Desktop/App/TimeSignal -file-compilation-dir /Users/takamuranaoya/Desktop/App/TimeSignal -Xcc -ivfsstatcache -Xcc /Users/takamuranaoya/Library/Developer/Xcode/DerivedData/SDKStatCaches.noindex/iphonesimulator26.0-23A339-26257891a6c027eb51374368541b8346.sdkstatcache -Xcc -I/Users/takamuranaoya/Library/Developer/Xcode/DerivedData/シンプル時報-gidolvsuthqwpvbeoncpikcicojb/Build/Intermediates.noindex/シンプル時報.build/Release-iphonesimulator/シンプル時報.build/swift-overrides.hmap -Xcc -iquote -Xcc /Users/takamuranaoya/Library/Developer/Xcode/DerivedData/シンプル時報-gidolvsuthqwpvbeoncpikcicojb/Build/Intermediates.noindex/シンプル時報.build/Release-iphonesimulator/シンプル時報.build/シンプル時報-generated-files.hmap -Xcc -I/Users/takamuranaoya/Library/Developer/Xcode/DerivedData/シンプル時報-gidolvsuthqwpvbeoncpikcicojb/Build/Intermediates.noindex/シンプル時報.build/Release-iphonesimulator/シンプル時報.build/シンプル時報-own-target-headers.hmap -Xcc -I/Users/takamuranaoya/Library/Developer/Xcode/DerivedData/シンプル時報-gidolvsuthqwpvbeoncpikcicojb/Build/Intermediates.noindex/シンプル時報.build/Release-iphonesimulator/シンプル時報.build/シンプル時報-all-target-headers.hmap -Xcc -iquote -Xcc /Users/takamuranaoya/Library/Developer/Xcode/DerivedData/シンプル時報-gidolvsuthqwpvbeoncpikcicojb/Build/Intermediates.noindex/シンプル時報.build/Release-iphonesimulator/シンプル時報.build/シンプル時報-project-headers.hmap -Xcc -I/Users/takamuranaoya/Library/Developer/Xcode/DerivedData/シンプル時報-gidolvsuthqwpvbeoncpikcicojb/Build/Products/Release-iphonesimulator/include -Xcc -I/Users/takamuranaoya/Library/Developer/Xcode/DerivedData/シンプル時報-gidolvsuthqwpvbeoncpikcicojb/Build/Intermediates.noindex/シンプル時報.build/Release-iphonesimulator/シンプル時報.build/DerivedSources-normal/arm64 -Xcc -I/Users/takamuranaoya/Library/Developer/Xcode/DerivedData/シンプル時報-gidolvsuthqwpvbeoncpikcicojb/Build/Intermediates.noindex/シンプル時報.build/Release-iphonesimulator/シンプル時報.build/DerivedSources/arm64 -Xcc -I/Users/takamuranaoya/Library/Developer/Xcode/DerivedData/シンプル時報-gidolvsuthqwpvbeoncpikcicojb/Build/Intermediates.noindex/シンプル時報.build/Release-iphonesimulator/シンプル時報.build/DerivedSources -no-auto-bridging-header-chaining -module-name シンプル時報 -frontend-parseable-output -disable-clang-spi -target-sdk-version 26.0 -target-sdk-name iphonesimulator26.0 -clang-target arm64-apple-ios26.0-simulator -in-process-plugin-server-path /Applications/Xcode.app/Contents/Developer/Toolchains/XcodeDefault.xctoolchain/usr/lib/swift/host/libSwiftInProcPluginServer.dylib -enable-default-cmo -num-threads 10 -o /Users/takamuranaoya/Library/Developer/Xcode/DerivedData/シンプル時報-gidolvsuthqwpvbeoncpikcicojb/Build/Intermediates.noindex/シンプル時報.build/Release-iphonesimulator/シンプル時報.build/Objects-normal/arm64/ContentView.o -o /Users/takamuranaoya/Library/Developer/Xcode/DerivedData/シンプル時報-gidolvsuthqwpvbeoncpikcicojb/Build/Intermediates.noindex/シンプル時報.build/Release-iphonesimulator/シンプル時報.build/Objects-normal/arm64/TimeSignalApp.o -o /Users/takamuranaoya/Library/Developer/Xcode/DerivedData/シンプル時報-gidolvsuthqwpvbeoncpikcicojb/Build/Intermediates.noindex/シンプル時報.build/Release-iphonesimulator/シンプル時報.build/Objects-normal/arm64/GeneratedAssetSymbols.o -index-unit-output-path /シンプル時報.build/Release-iphonesimulator/シンプル時報.build/Objects-normal/arm64/ContentView.o -index-unit-output-path /シンプル時報.build/Release-iphonesimulator/シンプル時報.build/Objects-normal/arm64/TimeSignalApp.o -index-unit-output-path /シンプル時報.build/Release-iphonesimulator/シンプル時報.build/Objects-normal/arm64/GeneratedAssetSymbols.o
** BUILD FAILED **


The following build commands failed:
	CompileSwift normal arm64 (in target 'シンプル時報' from project 'シンプル時報')
	SwiftCompile normal arm64 Compiling\ ContentView.swift,\ TimeSignalApp.swift,\ GeneratedAssetSymbols.swift /Users/takamuranaoya/Desktop/App/TimeSignal/TimeSignal/ContentView.swift /Users/takamuranaoya/Desktop/App/TimeSignal/TimeSignal/TimeSignalApp.swift /Users/takamuranaoya/Library/Developer/Xcode/DerivedData/シンプル時報-gidolvsuthqwpvbeoncpikcicojb/Build/Intermediates.noindex/シンプル時報.build/Release-iphonesimulator/シンプル時報.build/DerivedSources/GeneratedAssetSymbols.swift /Applications/Xcode.app/Contents/Developer/Toolchains/XcodeDefault.xctoolchain/usr/lib/swift/iphonesimulator/prebuilt-modules/26.0/Swift.swiftmodule/arm64-apple-ios-simulator.swiftmodule /Applications/Xcode.app/Contents/Developer/Toolchains/XcodeDefault.xctoolchain/usr/lib/swift/iphonesimulator/prebuilt-modules/26.0/DataDetection.swiftmodule/arm64-apple-ios-simulator.swiftmodule /Applications/Xcode.app/Contents/Developer/Toolchains/XcodeDefault.xctoolchain/usr/lib/swift/iphonesimulator/prebuilt-modules/26.0/CoreFoundation.swiftmodule/arm64-apple-ios-simulator.swiftmodule /Applications/Xcode.app/Contents/Developer/Toolchains/XcodeDefault.xctoolchain/usr/lib/swift/iphonesimulator/prebuilt-modules/26.0/_DarwinFoundation1.swiftmodule/arm64-apple-ios-simulator.swiftmodule /Applications/Xcode.app/Contents/Developer/Toolchains/XcodeDefault.xctoolchain/usr/lib/swift/iphonesimulator/prebuilt-modules/26.0/Spatial.swiftmodule/arm64-apple-ios-simulator.swiftmodule /Applications/Xcode.app/Contents/Developer/Toolchains/XcodeDefault.xctoolchain/usr/lib/swift/iphonesimulator/prebuilt-modules/26.0/Darwin.swiftmodule/arm64-apple-ios-simulator.swiftmodule /Applications/Xcode.app/Contents/Developer/Toolchains/XcodeDefault.xctoolchain/usr/lib/swift/iphonesimulator/prebuilt-modules/26.0/Metal.swiftmodule/arm64-apple-ios-simulator.swiftmodule /Applications/Xcode.app/Contents/Developer/Toolchains/XcodeDefault.xctoolchain/usr/lib/swift/iphonesimulator/prebuilt-modules/26.0/SwiftUI.swiftmodule/arm64-apple-ios-simulator.swiftmodule /Applications/Xcode.app/Contents/Developer/Toolchains/XcodeDefault.xctoolchain/usr/lib/swift/iphonesimulator/prebuilt-modules/26.0/_Concurrency.swiftmodule/arm64-apple-ios-simulator.swiftmodule /Applications/Xcode.app/Contents/Developer/Toolchains/XcodeDefault.xctoolchain/usr/lib/swift/iphonesimulator/prebuilt-modules/26.0/Observation.swiftmodule/arm64-apple-ios-simulator.swiftmodule /Applications/Xcode.app/Contents/Developer/Toolchains/XcodeDefault.xctoolchain/usr/lib/swift/iphonesimulator/prebuilt-modules/26.0/os.swiftmodule/arm64-apple-ios-simulator.swiftmodule /Applications/Xcode.app/Contents/Developer/Toolchains/XcodeDefault.xctoolchain/usr/lib/swift/iphonesimulator/prebuilt-modules/26.0/Dispatch.swiftmodule/arm64-apple-ios-simulator.swiftmodule /Applications/Xcode.app/Contents/Developer/Toolchains/XcodeDefault.xctoolchain/usr/lib/swift/iphonesimulator/prebuilt-modules/26.0/System.swiftmodule/arm64-apple-ios-simulator.swiftmodule /Applications/Xcode.app/Contents/Developer/Toolchains/XcodeDefault.xctoolchain/usr/lib/swift/iphonesimulator/prebuilt-modules/26.0/_Builtin_float.swiftmodule/arm64-apple-ios-simulator.swiftmodule /Applications/Xcode.app/Contents/Developer/Toolchains/XcodeDefault.xctoolchain/usr/lib/swift/iphonesimulator/prebuilt-modules/26.0/Combine.swiftmodule/arm64-apple-ios-simulator.swiftmodule /Applications/Xcode.app/Contents/Developer/Toolchains/XcodeDefault.xctoolchain/usr/lib/swift/iphonesimulator/prebuilt-modules/26.0/CoreImage.swiftmodule/arm64-apple-ios-simulator.swiftmodule /Applications/Xcode.app/Contents/Developer/Toolchains/XcodeDefault.xctoolchain/usr/lib/swift/iphonesimulator/prebuilt-modules/26.0/SwiftUICore.swiftmodule/arm64-apple-ios-simulator.swiftmodule /Applications/Xcode.app/Contents/Developer/Toolchains/XcodeDefault.xctoolchain/usr/lib/swift/iphonesimulator/prebuilt-modules/26.0/UIKit.swiftmodule/arm64-apple-ios-simulator.swiftmodule /Applications/Xcode.app/Contents/Developer/Toolchains/XcodeDefault.xctoolchain/usr/lib/swift/iphonesimulator/prebuilt-modules/26.0/DeveloperToolsSupport.swiftmodule/arm64-apple-ios-simulator.swiftmodule /Applications/Xcode.app/Contents/Developer/Toolchains/XcodeDefault.xctoolchain/usr/lib/swift/iphonesimulator/prebuilt-modules/26.0/Foundation.swiftmodule/arm64-apple-ios-simulator.swiftmodule /Applications/Xcode.app/Contents/Developer/Toolchains/XcodeDefault.xctoolchain/usr/lib/swift/iphonesimulator/prebuilt-modules/26.0/_DarwinFoundation2.swiftmodule/arm64-apple-ios-simulator.swiftmodule /Applications/Xcode.app/Contents/Developer/Toolchains/XcodeDefault.xctoolchain/usr/lib/swift/iphonesimulator/prebuilt-modules/26.0/Symbols.swiftmodule/arm64-apple-ios-simulator.swiftmodule /Applications/Xcode.app/Contents/Developer/Toolchains/XcodeDefault.xctoolchain/usr/lib/swift/iphonesimulator/prebuilt-modules/26.0/UniformTypeIdentifiers.swiftmodule/arm64-apple-ios-simulator.swiftmodule /Applications/Xcode.app/Contents/Developer/Toolchains/XcodeDefault.xctoolchain/usr/lib/swift/iphonesimulator/prebuilt-modules/26.0/XPC.swiftmodule/arm64-apple-ios-simulator.swiftmodule /Applications/Xcode.app/Contents/Developer/Toolchains/XcodeDefault.xctoolchain/usr/lib/swift/iphonesimulator/prebuilt-modules/26.0/FileProvider.swiftmodule/arm64-apple-ios-simulator.swiftmodule /Applications/Xcode.app/Contents/Developer/Toolchains/XcodeDefault.xctoolchain/usr/lib/swift/iphonesimulator/prebuilt-modules/26.0/CoreText.swiftmodule/arm64-apple-ios-simulator.swiftmodule /Applications/Xcode.app/Contents/Developer/Toolchains/XcodeDefault.xctoolchain/usr/lib/swift/iphonesimulator/prebuilt-modules/26.0/simd.swiftmodule/arm64-apple-ios-simulator.swiftmodule /Applications/Xcode.app/Contents/Developer/Toolchains/XcodeDefault.xctoolchain/usr/lib/swift/iphonesimulator/prebuilt-modules/26.0/Accessibility.swiftmodule/arm64-apple-ios-simulator.swiftmodule /Applications/Xcode.app/Contents/Developer/Toolchains/XcodeDefault.xctoolchain/usr/lib/swift/iphonesimulator/prebuilt-modules/26.0/CoreData.swiftmodule/arm64-apple-ios-simulator.swiftmodule /Applications/Xcode.app/Contents/Developer/Toolchains/XcodeDefault.xctoolchain/usr/lib/swift/iphonesimulator/prebuilt-modules/26.0/QuartzCore.swiftmodule/arm64-apple-ios-simulator.swiftmodule /Applications/Xcode.app/Contents/Developer/Toolchains/XcodeDefault.xctoolchain/usr/lib/swift/iphonesimulator/prebuilt-modules/26.0/CoreGraphics.swiftmodule/arm64-apple-ios-simulator.swiftmodule /Applications/Xcode.app/Contents/Developer/Toolchains/XcodeDefault.xctoolchain/usr/lib/swift/iphonesimulator/prebuilt-modules/26.0/ObjectiveC.swiftmodule/arm64-apple-ios-simulator.swiftmodule /Applications/Xcode.app/Contents/Developer/Toolchains/XcodeDefault.xctoolchain/usr/lib/swift/iphonesimulator/prebuilt-modules/26.0/_StringProcessing.swiftmodule/arm64-apple-ios-simulator.swiftmodule /Applications/Xcode.app/Contents/Developer/Toolchains/XcodeDefault.xctoolchain/usr/lib/swift/iphonesimulator/prebuilt-modules/26.0/CoreTransferable.swiftmodule/arm64-apple-ios-simulator.swiftmodule /Applications/Xcode.app/Contents/Developer/Toolchains/XcodeDefault.xctoolchain/usr/lib/swift/iphonesimulator/prebuilt-modules/26.0/CoreVideo.swiftmodule/arm64-apple-ios-simulator.swiftmodule /Applications/Xcode.app/Contents/Developer/Toolchains/XcodeDefault.xctoolchain/usr/lib/swift/iphonesimulator/prebuilt-modules/26.0/OSLog.swiftmodule/arm64-apple-ios-simulator.swiftmodule /Applications/Xcode.app/Contents/Developer/Toolchains/XcodeDefault.xctoolchain/usr/lib/swift/iphonesimulator/prebuilt-modules/26.0/_DarwinFoundation3.swiftmodule/arm64-apple-ios-simulator.swiftmodule /Users/takamuranaoya/Library/Developer/Xcode/DerivedData/ModuleCache.noindex/CoreFoundation-9ML6NGLT7U0ZD0DVXQTH8ZTCB.pcm /Users/takamuranaoya/Library/Developer/Xcode/DerivedData/ModuleCache.noindex/CFNetwork-7GQN2KK9ORBCUFRRYGH6JWNWW.pcm /Users/takamuranaoya/Library/Developer/Xcode/DerivedData/ModuleCache.noindex/CoreVideo-CD3X0ZQMTI8SCOBTQ4YK97N1B.pcm /Users/takamuranaoya/Library/Developer/Xcode/DerivedData/ModuleCache.noindex/SwiftUI-EVPKYQ05QRCQMS7IKXY8PLEWP.pcm /Users/takamuranaoya/Library/Developer/Xcode/DerivedData/ModuleCache.noindex/_Builtin_stdatomic-3XOET5BIXD5Y5Y25HSJ1Z79RE.pcm /Users/takamuranaoya/Library/Developer/Xcode/DerivedData/ModuleCache.noindex/_Builtin_stdbool-5SPS2TV69K0AAGOB5HPNTWLXM.pcm /Users/takamuranaoya/Library/Developer/Xcode/DerivedData/ModuleCache.noindex/QuartzCore-8AMJTS5FZ9UX70NVUPJ9TK6UZ.pcm /Users/takamuranaoya/Library/Developer/Xcode/DerivedData/ModuleCache.noindex/UIKit-C5Y43I1JW06LLL4OA08CU7D9A.pcm /Users/takamuranaoya/Library/Developer/Xcode/DerivedData/ModuleCache.noindex/ptrauth-8T5JEK9NGFMHW3EEUU70BLGX6.pcm /Users/takamuranaoya/Library/Developer/Xcode/DerivedData/ModuleCache.noindex/UserNotifications-3BENB3Q4NHXTONX0CAI83C79R.pcm /Users/takamuranaoya/Library/Developer/Xcode/DerivedData/ModuleCache.noindex/IOSurface-6V95LVAIS4MRCIHFIT2EUHS1D.pcm /Users/takamuranaoya/Library/Developer/Xcode/DerivedData/ModuleCache.noindex/FileProvider-2BS3D0S56ZHDJB5R93YBYE2PX.pcm /Users/takamuranaoya/Library/Developer/Xcode/DerivedData/ModuleCache.noindex/UIUtilities-7TW514NFKXSF5HO4LP2LI0KQK.pcm /Users/takamuranaoya/Library/Developer/Xcode/DerivedData/ModuleCache.noindex/_Builtin_tgmath-1QAR73VQUKC3DXFGGIOO6ZMPD.pcm /Users/takamuranaoya/Library/Developer/Xcode/DerivedData/ModuleCache.noindex/os-CYVZXMQ9XQPKVDFID3H8J0LDH.pcm /Users/takamuranaoya/Library/Developer/Xcode/DerivedData/ModuleCache.noindex/_Builtin_float-1Y8QJLC3B72GTNHRGWZH3JT60.pcm /Users/takamuranaoya/Library/Developer/Xcode/DerivedData/ModuleCache.noindex/_Builtin_stdint-54HSZJ4RP298BPNH5CK4T5CZ9.pcm /Users/takamuranaoya/Library/Developer/Xcode/DerivedData/ModuleCache.noindex/CoreGraphics-ERKVUAUNKXGBOJGW6M1VWLRTT.pcm /Users/takamuranaoya/Library/Developer/Xcode/DerivedData/ModuleCache.noindex/ImageIO-4JAW1HEXI25RG3ADMHAK02E05.pcm /Users/takamuranaoya/Library/Developer/Xcode/DerivedData/ModuleCache.noindex/_DarwinFoundation2-3QV5EVT1X3UCKNBBGDJK65HM8.pcm /Users/takamuranaoya/Library/Developer/Xcode/DerivedData/ModuleCache.noindex/UniformTypeIdentifiers-DC11PFPF38CY0WPFRXHSOSG9L.pcm /Users/takamuranaoya/Library/Developer/Xcode/DerivedData/ModuleCache.noindex/_Builtin_inttypes-34E0BEUB8465O6KQV4AQ1PHXF.pcm /Users/takamuranaoya/Library/Developer/Xcode/DerivedData/ModuleCache.noindex/Foundation-8FVSXCTW1GRM3RYM74YN0H6IN.pcm /Users/takamuranaoya/Library/Developer/Xcode/DerivedData/ModuleCache.noindex/CoreData-3T57LVMSPC7QHZVIWZ82FB9UH.pcm /Users/takamuranaoya/Library/Developer/Xcode/DerivedData/ModuleCache.noindex/Darwin-7OX2NKNQF5EIKP6TF6KTLBVOV.pcm /Users/takamuranaoya/Library/Developer/Xcode/DerivedData/ModuleCache.noindex/DataDetection-4X9W2K1Z1FA1FM4ASAXWX3FMZ.pcm /Users/takamuranaoya/Library/Developer/Xcode/DerivedData/ModuleCache.noindex/Dispatch-716NN3HAEP7HUT31551C2CWKA.pcm /Users/takamuranaoya/Library/Developer/Xcode/DerivedData/ModuleCache.noindex/_DarwinFoundation3-6UQFPC3ZM2F1QXXLH8LLL51ZF.pcm /Users/takamuranaoya/Library/Developer/Xcode/DerivedData/ModuleCache.noindex/MachO-4P35O3DCB7BMDBP8UV2DJIFEK.pcm /Users/takamuranaoya/Library/Developer/Xcode/DerivedData/ModuleCache.noindex/os_workgroup-C81AL7KBWUW8DQ73852KNQ5PC.pcm /Users/takamuranaoya/Library/Developer/Xcode/DerivedData/ModuleCache.noindex/_Builtin_stddef-7KMBMXKMDHEP5VMD81E5KJR7Q.pcm /Users/takamuranaoya/Library/Developer/Xcode/DerivedData/ModuleCache.noindex/CoreText-3A0EHOEQM6PFAG8EY2P920QO9.pcm /Users/takamuranaoya/Library/Developer/Xcode/DerivedData/ModuleCache.noindex/SwiftUICore-3695ASCO0ZTJN67G1S5DGIWZE.pcm /Users/takamuranaoya/Library/Developer/Xcode/DerivedData/ModuleCache.noindex/CoreImage-EFIM6RFTHFCJVEGZ69UJ31X6J.pcm /Users/takamuranaoya/Library/Developer/Xcode/DerivedData/ModuleCache.noindex/_Builtin_intrinsics-8YNM5J2L99LXT2DT9WEL4JCQM.pcm /Users/takamuranaoya/Library/Developer/Xcode/DerivedData/ModuleCache.noindex/_DarwinFoundation1-60KYHPJT911GMLM28ARQGLE82.pcm /Users/takamuranaoya/Library/Developer/Xcode/DerivedData/ModuleCache.noindex/Metal-BR8RMTHD5SI3WXRMEMJSAUZRM.pcm /Users/takamuranaoya/Library/Developer/Xcode/DerivedData/ModuleCache.noindex/simd-7V65IA6XHFJP5YC9QSI0IHV0Q.pcm /Users/takamuranaoya/Library/Developer/Xcode/DerivedData/ModuleCache.noindex/OSLog-62MA1OGGB26XW9V4XJN49AVAB.pcm /Users/takamuranaoya/Library/Developer/Xcode/DerivedData/ModuleCache.noindex/Accessibility-CP2XEGU9ARB7O7PQQF84IJXIE.pcm /Users/takamuranaoya/Library/Developer/Xcode/DerivedData/ModuleCache.noindex/SwiftShims-DDE81YIMGWEFN8CIZUCYWJBDD.pcm /Users/takamuranaoya/Library/Developer/Xcode/DerivedData/ModuleCache.noindex/OpenGLES-6URZJ15IWQOOMOQ9E0XB13VDJ.pcm /Users/takamuranaoya/Library/Developer/Xcode/DerivedData/ModuleCache.noindex/ptrcheck-AL75ODY96Y958DZBAZ8JPESQV.pcm /Users/takamuranaoya/Library/Developer/Xcode/DerivedData/ModuleCache.noindex/CoreTransferable-E4UJ2D66BRLNFDLLZPYNS195O.pcm /Users/takamuranaoya/Library/Developer/Xcode/DerivedData/ModuleCache.noindex/_Builtin_limits-1EZ2AX80NXGC01KT9S0E973XY.pcm /Users/takamuranaoya/Library/Developer/Xcode/DerivedData/ModuleCache.noindex/Symbols-ATO0W0Z0C1G33QGK0XSO7UGPE.pcm /Users/takamuranaoya/Library/Developer/Xcode/DerivedData/ModuleCache.noindex/XPC-7V9B6X2ETRPGSFEBDAJU2LRZK.pcm /Users/takamuranaoya/Library/Developer/Xcode/DerivedData/ModuleCache.noindex/_Builtin_stdarg-12YV1TK9P9NFUUER54WY2XHBH.pcm /Users/takamuranaoya/Library/Developer/Xcode/DerivedData/ModuleCache.noindex/ObjectiveC-75ZG2W85B0FUEE6J6QCCQBQF2.pcm /Users/takamuranaoya/Library/Developer/Xcode/DerivedData/ModuleCache.noindex/os_object-7A4AG83FZQKJ79WNMFDYV7R4J.pcm /Users/takamuranaoya/Library/Developer/Xcode/DerivedData/ModuleCache.noindex/Security-3Y2SGCQQ6ZGC9K8WWUS27UCX4.pcm /Users/takamuranaoya/Library/Developer/Xcode/DerivedData/ModuleCache.noindex/_AvailabilityInternal-EWH4QJYLMW0LL3IK1QT1C8DZ1.pcm /Users/takamuranaoya/Library/Developer/Xcode/DerivedData/ModuleCache.noindex/_SwiftConcurrencyShims-7LY5JZ13ZPUS57XGM0BOJLI6B.pcm /Users/takamuranaoya/Library/Developer/Xcode/DerivedData/ModuleCache.noindex/Spatial-A8NMNSRDQV8BH7IHIKHM7PVCL.pcm /Users/takamuranaoya/Library/Developer/Xcode/DerivedData/ModuleCache.noindex/DeveloperToolsSupport-15IUAY5TAK68PBLMOE86FSHXT.pcm /Users/takamuranaoya/Library/Developer/Xcode/DerivedData/ModuleCache.noindex/sys_types-C6UINFD6P5HSS9XEFQJ6K8REC.pcm /Users/takamuranaoya/Library/Developer/Xcode/DerivedData/シンプル時報-gidolvsuthqwpvbeoncpikcicojb/Build/Intermediates.noindex/シンプル時報.build/Release-iphonesimulator/シンプル時報.build/Objects-normal/arm64/シンプル時報-dependencies-1.json (in target 'シンプル時報' from project 'シンプル時報')
	Building project シンプル時報 with scheme TimeSignal
(3 failures)
